// Jest Snapshot v1, https://goo.gl/fbAQLP

exports[`CharacterList component renders CharacterList 1`] = `
<DocumentFragment>
  <ul
    data-testid="CharacterList"
  />
</DocumentFragment>
`;
